Microchip MPLAB XC8 Compiler V2.41

Linker command line:

\
  --edf=C:/Users/akihito/.mchp_packs/Microchip/PIC18F-Q_DFP/1.22.413/xc8\pic\dat\20230918224007_en.msgs \
  -pivt0x8=08h -cn -h+dist/default/production\MEZ180SD_Q43.X.production.sym \
  --cmf=dist/default/production\MEZ180SD_Q43.X.production.cmf -z -Q18F47Q43 \
  -oC:\Users\akihito\AppData\Local\Temp\xcAset0.\driver_tmp_3.o \
  --defsym=__MPLAB_BUILD=1 --fixupoverflow=error \
  -Mdist/default/production/MEZ180SD_Q43.X.production.map \
  --md=C:\Users\akihito\AppData\Local\Temp\xcAset0.\driver_tmp_0.dat -E1 \
  -ver=XC8 Compiler --acfsm=1493 -ACODE=00h-01FFFFh -ACONST=00h-01FFFFh \
  -ASMALLCONST=02600h-026FFhx474 \
  -AMEDIUMCONST=02600h-0FFFFh,012600h-01FFFFh -ACOMRAM=0501h-055Fh \
  -AABS1=0500h-024FFh -ABIGRAM=0501h-024FFh \
  -ARAM=0560h-05FFh,0600h-06FFhx31 -ABANK5=0560h-05FFh -ABANK6=0600h-06FFh \
  -ABANK7=0700h-07FFh -ABANK8=0800h-08FFh -ABANK9=0900h-09FFh \
  -ABANK10=0A00h-0AFFh -ABANK11=0B00h-0BFFh -ABANK12=0C00h-0CFFh \
  -ABANK13=0D00h-0DFFh -ABANK14=0E00h-0EFFh -ABANK15=0F00h-0FFFh \
  -ABANK16=01000h-010FFh -ABANK17=01100h-011FFh -ABANK18=01200h-012FFh \
  -ABANK19=01300h-013FFh -ABANK20=01400h-014FFh -ABANK21=01500h-015FFh \
  -ABANK22=01600h-016FFh -ABANK23=01700h-017FFh -ABANK24=01800h-018FFh \
  -ABANK25=01900h-019FFh -ABANK26=01A00h-01AFFh -ABANK27=01B00h-01BFFh \
  -ABANK28=01C00h-01CFFh -ABANK29=01D00h-01DFFh -ABANK30=01E00h-01EFFh \
  -ABANK31=01F00h-01FFFh -ABANK32=02000h-020FFh -ABANK33=02100h-021FFh \
  -ABANK34=02200h-022FFh -ABANK35=02300h-023FFh -ABANK36=02400h-024FFh \
  -ASFR=00h-0FFhx4,0400h-045Fh,0460h-04FFh,02500h-025FFh \
  -ABIGSFR=00h-04FFh,02500h-025FFh -ACONFIG=0300000h-0300011h \
  -AIDLOC=0200000h-020003Fh -AEEDATA=0380000h-03803FFh -peeprom_data=EEDATA \
  -preset_vec=00h -ppowerup=CODE,init -pramtop=02600h \
  -psmallconst=SMALLCONST -pmediumconst=MEDIUMCONST -pconst=CONST \
  -AFARRAM=00h-00h \
  -prdata=COMRAM,nvrram=COMRAM,nvbit=COMRAM,rbss=COMRAM,rbit=COMRAM \
  -pfarbss=FARRAM,fardata=FARRAM,nvFARRAM=FARRAM \
  -pintsave_regs=BIGRAM,bigbss=BIGRAM,bigdata=BIGRAM -pbss=RAM \
  -pidata=CODE,irdata=CODE,ibigdata=CODE,ifardata=CODE -prparam=COMRAM \
  C:\Users\akihito\AppData\Local\Temp\xcAset0.\driver_tmp_14.o \
  dist/default/production\MEZ180SD_Q43.X.production.o 

Object code version is 3.11

Machine type is 18F47Q43



                Name                               Link     Load   Length Selector   Space Scale
C:\Users\akihito\AppData\Local\Temp\xcAset0.\driver_tmp_14.o
                config                           300000   300000        A        0       4
                init                                102      102        4        4       0
                reset_vec                             0        0        4        0       0
dist/default/production\MEZ180SD_Q43.X.production.o
                config                           300000   300000        A        0       4
                mediumconst                        DD0E     DD0E     22F2     6E87       0
                ivt0x8                                8        8       FA        4       0
                text247                            4CB4     4CB4       64        4       0
                text246                            4ABE     4ABE       66        4       0
                text245                            4C50     4C50       64        4       0
                text244                            4FCC     4FCC       52        4       0
                text243                           1E17A    1E17A      1B4     8000       0
                text242                            4922     4922       6A        4       0
                text241                            3D54     3D54       94        4       0
                text240                            4E30     4E30       54        4       0
                text239                            53D2     53D2       42     28F7       0
                text238                            4D78     4D78       5E        4       0
                text237                            5A14     5A14       18     28F7       0
                text236                            58EE     58EE       22     28F7       0
                text235                            579E     579E       2A     28F7       0
                text234                            4088     4088       84        4       0
                text233                            58CC     58CC       22     28F7       0
                text232                           1AE92    1AE92      328     8000       0
                text231                            58AA     58AA       22     28F7       0
                text230                            52C0     52C0       46     28F7       0
                text229                            3842     3842       B6        4       0
                text228                            3316     3316       C4        4       0
                text227                            56BA     56BA       32     28F7       0
                text226                            599A     599A       1A     28F7       0
                text225                            324C     324C       CA        4       0
                text224                            2D78     2D78       D4        4       0
                text223                            1D12     1D12      10C        4       0
                text222                            28FC     28FC       EC        4       0
                text221                            5414     5414       40     28F7       0
                text220                            538E     538E       44     28F7       0
                text219                            50BE     50BE       50        4       0
                text218                            349C     349C       C2        4       0
                text217                           1C800    1C800      232     8000       0
                text216                           1A3D8    1A3D8      39A     8000       0
                text215                            39A2     39A2       AA        4       0
                text214                            1F24     1F24      104        4       0
                text213                           19810    19810      42A     8000       0
                text212                            55EA     55EA       38     28F7       0
                text211                           178B8    178B8      4C0     8000       0
                text210                            527A     527A       46     28F7       0
                text209                            1E1E     1E1E      106        4       0
                text208                            232C     232C       FE        4       0
                text207                           1D076    1D076      212     8000       0
                text206                            4A58     4A58       66        4       0
                text205                            506E     506E       50        4       0
                text204                            534A     534A       44     28F7       0
                text203                           1213C    1213C      ACA     8000       0
                text202                           1F50C    1F50C      198     8000       0
                text201                            583E     583E       26     28F7       0
                text200                            2F1A     2F1A       CE        4       0
                text199                           1F372    1F372      19A     8000       0
                text198                            1774     1774      12C        4       0
                text197                            3A4C     3A4C       A4        4       0
                text196                            3E72     3E72       88        4       0
                text195                            110E     110E      15C        4       0
                text194                            55B2     55B2       38     28F7       0
                text193                            5772     5772       2C     28F7       0
                text192                            5746     5746       2C     28F7       0
                text191                            557A     557A       38     28F7       0
                text190                           1B9FE    1B9FE      276     8000       0
                text189                           11324    11324      E18     8000       0
                text188                            47D8     47D8       70        4       0
                text187                            57F0     57F0       28     28F7       0
                text186                             87C      87C      174        4       0
                text185                           1A03A    1A03A      39E     8000       0
                text184                             FAA      FAA      164        4       0
                text183                           1B4A6    1B4A6      2C8     8000       0
                text182                            418E     418E       82        4       0
                text181                            378A     378A       B8        4       0
                text180                            5542     5542       38     28F7       0
                text179                            2E4C     2E4C       CE        4       0
                text178                           1FB62    1FB62      192     8000       0
                text177                           18F9A    18F9A      44C     8000       0
                text176                           1F9D0    1F9D0      192     8000       0
                text175                           1ED06    1ED06      19E     8000       0
                text174                            3180     3180       CC        4       0
                text173                           1B1BA    1B1BA      2EC     8000       0
                text172                           1D688    1D688      1F4     8000       0
                text171                           1EB68    1EB68      19E     8000       0
                text170                           12C06    12C06      AC4     8000       0
                text169                            2620     2620       FA        4       0
                text168                            4F7A     4F7A       52        4       0
                text167                            5B2E     5B2E        A     28F7       0
                text166                           1E32E    1E32E      1B0     8000       0
                text165                            5AA8     5AA8       12     28F7       0
                text164                            57C8     57C8       28     28F7       0
                text163                            515A     515A       4C        4       0
                text162                            3618     3618       BA        4       0
                text161                             706      706      176        4       0
                text160                            48B6     48B6       6C        4       0
                text159                           1CE64    1CE64      212     8000       0
                text158                            212A     212A      102        4       0
                text157                           1CC4E    1CC4E      216     8000       0
                text156                            30B4     30B4       CC        4       0
                text155                           19C3A    19C3A      400     8000       0
                text154                           173B8    173B8      500     8000       0
                text153                           163D2    163D2      5B0     8000       0
                text152                           136CA    136CA      87C     8000       0
                text151                            5B5C     5B5C        6     28F7       0
                text150                            3CC0     3CC0       94        4       0
                text149                            54D0     54D0       3A     28F7       0
                text148                            4BEC     4BEC       64        4       0
                text147                            3DE8     3DE8       8A        4       0
                text146                           18B38    18B38      462     8000       0
                text145                            5A96     5A96       12     28F7       0
                text144                           1FFFE    1FFFE        2     8000       0
                text143                            56EC     56EC       2E     28F7       0
                text142                            355E     355E       BA        4       0
                text141                            5B48     5B48        8     28F7       0
                text140                             B62      B62      172        4       0
                text139                            36D2     36D2       B8        4       0
                text138                             9F0      9F0      172        4       0
                text137                            5B56     5B56        6     28F7       0
                text136                            592E     592E       1E     28F7       0
                text135                            5A84     5A84       12     28F7       0
                text134                            5B18     5B18        C     28F7       0
                text133                            5622     5622       34     28F7       0
                text132                            4F28     4F28       52        4       0
                text131                            5818     5818       26     28F7       0
                text130                            5B6A     5B6A        4     28F7       0
                text129                            59FC     59FC       18     28F7       0
                text128                            5864     5864       24     28F7       0
                text127                            5B66     5B66        4     28F7       0
                text126                            5B62     5B62        4     28F7       0
                text125                            59E4     59E4       18     28F7       0
                text124                            59CC     59CC       18     28F7       0
                text123                            5A6E     5A6E       16     28F7       0
                text122                            5B40     5B40        8     28F7       0
                text121                            5A58     5A58       16     28F7       0
                text120                            5980     5980       1A     28F7       0
                text119                            5B24     5B24        A     28F7       0
                text118                            4B88     4B88       64        4       0
                text117                            4B24     4B24       64        4       0
                text116                           16982    16982      52C     8000       0
                text115                            4310     4310       80        4       0
                text114                            4766     4766       72        4       0
                text113                            4290     4290       80        4       0
                text112                            49F2     49F2       66        4       0
                text111                            5492     5492       3E     28F7       0
                text110                           1DA60    1DA60      1D2     8000       0
                text109                            1640     1640      134        4       0
                text108                            5B38     5B38        8     28F7       0
                text107                            33DA     33DA       C2        4       0
                text106                            5306     5306       44     28F7       0
                text105                            4848     4848       6E        4       0
                text104                            3AF0     3AF0       9E        4       0
                text103                            46EE     46EE       78        4       0
                text102                            4508     4508       7C        4       0
                text101                            5AE6     5AE6        E     28F7       0
                text100                            4004     4004       84        4       0
                text99                             5AD8     5AD8        E     28F7       0
                text98                             498C     498C       66        4       0
                text97                             38F8     38F8       AA        4       0
                text96                             5234     5234       46     28F7       0
                text95                             5B0C     5B0C        C     28F7       0
                text94                             59B4     59B4       18     28F7       0
                text93                             5B50     5B50        6     28F7       0
                text92                              106      106      18C        4       0
                text91                             5A42     5A42       16     28F7       0
                text90                             29E8     29E8       E8        4       0
                text89                             19C0     19C0      120        4       0
                text88                             510E     510E       4C        4       0
                text87                             2028     2028      102        4       0
                text86                            1F83A    1F83A      196     8000       0
                text85                            1F1D8    1F1D8      19A     8000       0
                text84                            1F6A4    1F6A4      196     8000       0
                text83                            1F03E    1F03E      19A     8000       0
                text82                            1DC32    1DC32      1CE     8000       0
                text81                             4D18     4D18       60        4       0
                text80                             571A     571A       2C     28F7       0
                text79                             51EE     51EE       46     28F7       0
                text78                            18234    18234      494     8000       0
                text77                             5688     5688       32     28F7       0
                text76                            1D87C    1D87C      1E4     8000       0
                text75                             501E     501E       50        4       0
                text74                            1B76E    1B76E      290     8000       0
                text73                            1E826    1E826      1A4     8000       0
                text72                            13F46    13F46      802     8000       0
                text71                            156AA    156AA      714     8000       0
                text70                            1DFBE    1DFBE      1BC     8000       0
                text69                            1E9CA    1E9CA      19E     8000       0
                text68                             1AE0     1AE0      11C        4       0
                text67                             410C     410C       82        4       0
                text66                             1BFC     1BFC      116        4       0
                text65                             5966     5966       1A     28F7       0
                text64                             594C     594C       1A     28F7       0
                text63                             222C     222C      100        4       0
                text62                             440E     440E       7E        4       0
                text61                             271A     271A       F6        4       0
                text60                            1BEDC    1BEDC      262     8000       0
                text59                              CD4      CD4      16C        4       0
                text58                              590      590      176        4       0
                text57                             4584     4584       7A        4       0
                text56                             5B00     5B00        C     28F7       0
                text55                            1C13E    1C13E      24E     8000       0
                text54                            186C8    186C8      470     8000       0
                text53                            1C38C    1C38C      242     8000       0
                text52                             3C2A     3C2A       96        4       0
                text51                             5ACA     5ACA        E     28F7       0
                text50                            1DE00    1DE00      1BE     8000       0
                text49                            14F30    14F30      77A     8000       0
                text48                             4676     4676       78        4       0
                text47                            1BC74    1BC74      268     8000       0
                text46                            1E682    1E682      1A4     8000       0
                text45                             5454     5454       3E     28F7       0
                text44                              416      416      17A        4       0
                text43                             4ED6     4ED6       52        4       0
                text42                             18A0     18A0      120        4       0
                text41                            15DBE    15DBE      614     8000       0
                text40                              E40      E40      16A        4       0
                text39                            1EEA4    1EEA4      19A     8000       0
                text38                             242A     242A       FC        4       0
                text37                             3F80     3F80       84        4       0
                text36                            10000    10000     1324     8000       0
                text35                             5AF4     5AF4        C     28F7       0
                text34                            1D288    1D288      208     8000       0
                text33                             550A     550A       38     28F7       0
                text32                             126A     126A      150        4       0
                text31                            193E6    193E6      42A     8000       0
                text30                            1AB08    1AB08      38A     8000       0
                text29                             13BA     13BA      14E        4       0
                text28                             2BB6     2BB6       E2        4       0
                text27                             3B8E     3B8E       9C        4       0
                text26                             2C98     2C98       E0        4       0
                text25                             4DD6     4DD6       5A        4       0
                text24                            1A772    1A772      396     8000       0
                text23                              292      292      184        4       0
                text22                             4210     4210       80        4       0
                text21                            1CA32    1CA32      21C     8000       0
                text20                            1C5CE    1C5CE      232     8000       0
                text19                            14748    14748      7E8     8000       0
                text18                            1FE80    1FE80      17E     8000       0
                text17                            1E4DE    1E4DE      1A4     8000       0
                text16                            1D490    1D490      1F8     8000       0
                text15                             2AD0     2AD0       E6        4       0
                text14                             45FE     45FE       78        4       0
                text13                            16EAE    16EAE      50A     8000       0
                text12                             5ABA     5ABA       10     28F7       0
                text11                             5910     5910       1E     28F7       0
                text10                             2810     2810       EC        4       0
                text9                              3EFA     3EFA       86        4       0
                text8                              448C     448C       7C        4       0
                text7                              5656     5656       32     28F7       0
                text6                              1508     1508      138        4       0
                text5                             17D78    17D78      4BC     8000       0
                text4                              4E84     4E84       52        4       0
                text3                              2526     2526       FA        4       0
                text2                              4390     4390       7E        4       0
                text1                              5888     5888       22     28F7       0
                text0                             1FCF4    1FCF4      18C     8000       0
                cstackCOMRAM                        501      501       51      501       1
                cstackBANK5                         560      560       A0      560       1
                cstackBANK6                         600      600       E5      600       1
                cstackBANK7                         780      780       45      700       1
                cstackBANK8                         8DD      8DD       20      800       1
                bssBIGRAM                           C00      C00     10FC      C00       1
                bssBANK11                           B00      B00      100      B00       1
                bssBANK10                           A00      A00      100      A00       1
                bssBANK9                            900      900       D0      900       1
                dataBANK8                           872      872       47      800       1
                bssBANK8                            800      800       72      800       1
                dataBANK7                           7E9      7E9       16      700       1
                bssBANK7                            700      700       80      700       1
                bssBANK6                            6E5      6E5        A      600       1
                bssCOMRAM                           552      552        7      501       1
                cinit                              2FE8     2FE8       CC        4       0
                nvBANK8                             8B9      8B9       24      800       1
                nvBANK7                             7C5      7C5       24      700       1
                nvBANK6                             6EF      6EF        3      600       1
                idataBANK8                         51A6     51A6       47        4       0
                idataBANK7                         5A2C     5A2C       16     28F7       0

TOTAL           Name                               Link     Load   Length     Space
        CLASS   CODE           
                init                                102      102        4         0
                reset_vec                             0        0        4         0
                ivt0x8                                8        8       FA         0
                text247                            4CB4     4CB4       64         0
                text246                            4ABE     4ABE       66         0
                text245                            4C50     4C50       64         0
                text244                            4FCC     4FCC       52         0
                text243                           1E17A    1E17A      1B4         0
                text242                            4922     4922       6A         0
                text241                            3D54     3D54       94         0
                text240                            4E30     4E30       54         0
                text239                            53D2     53D2       42         0
                text238                            4D78     4D78       5E         0
                text237                            5A14     5A14       18         0
                text236                            58EE     58EE       22         0
                text235                            579E     579E       2A         0
                text234                            4088     4088       84         0
                text233                            58CC     58CC       22         0
                text232                           1AE92    1AE92      328         0
                text231                            58AA     58AA       22         0
                text230                            52C0     52C0       46         0
                text229                            3842     3842       B6         0
                text228                            3316     3316       C4         0
                text227                            56BA     56BA       32         0
                text226                            599A     599A       1A         0
                text225                            324C     324C       CA         0
                text224                            2D78     2D78       D4         0
                text223                            1D12     1D12      10C         0
                text222                            28FC     28FC       EC         0
                text221                            5414     5414       40         0
                text220                            538E     538E       44         0
                text219                            50BE     50BE       50         0
                text218                            349C     349C       C2         0
                text217                           1C800    1C800      232         0
                text216                           1A3D8    1A3D8      39A         0
                text215                            39A2     39A2       AA         0
                text214                            1F24     1F24      104         0
                text213                           19810    19810      42A         0
                text212                            55EA     55EA       38         0
                text211                           178B8    178B8      4C0         0
                text210                            527A     527A       46         0
                text209                            1E1E     1E1E      106         0
                text208                            232C     232C       FE         0
                text207                           1D076    1D076      212         0
                text206                            4A58     4A58       66         0
                text205                            506E     506E       50         0
                text204                            534A     534A       44         0
                text203                           1213C    1213C      ACA         0
                text202                           1F50C    1F50C      198         0
                text201                            583E     583E       26         0
                text200                            2F1A     2F1A       CE         0
                text199                           1F372    1F372      19A         0
                text198                            1774     1774      12C         0
                text197                            3A4C     3A4C       A4         0
                text196                            3E72     3E72       88         0
                text195                            110E     110E      15C         0
                text194                            55B2     55B2       38         0
                text193                            5772     5772       2C         0
                text192                            5746     5746       2C         0
                text191                            557A     557A       38         0
                text190                           1B9FE    1B9FE      276         0
                text189                           11324    11324      E18         0
                text188                            47D8     47D8       70         0
                text187                            57F0     57F0       28         0
                text186                             87C      87C      174         0
                text185                           1A03A    1A03A      39E         0
                text184                             FAA      FAA      164         0
                text183                           1B4A6    1B4A6      2C8         0
                text182                            418E     418E       82         0
                text181                            378A     378A       B8         0
                text180                            5542     5542       38         0
                text179                            2E4C     2E4C       CE         0
                text178                           1FB62    1FB62      192         0
                text177                           18F9A    18F9A      44C         0
                text176                           1F9D0    1F9D0      192         0
                text175                           1ED06    1ED06      19E         0
                text174                            3180     3180       CC         0
                text173                           1B1BA    1B1BA      2EC         0
                text172                           1D688    1D688      1F4         0
                text171                           1EB68    1EB68      19E         0
                text170                           12C06    12C06      AC4         0
                text169                            2620     2620       FA         0
                text168                            4F7A     4F7A       52         0
                text167                            5B2E     5B2E        A         0
                text166                           1E32E    1E32E      1B0         0
                text165                            5AA8     5AA8       12         0
                text164                            57C8     57C8       28         0
                text163                            515A     515A       4C         0
                text162                            3618     3618       BA         0
                text161                             706      706      176         0
                text160                            48B6     48B6       6C         0
                text159                           1CE64    1CE64      212         0
                text158                            212A     212A      102         0
                text157                           1CC4E    1CC4E      216         0
                text156                            30B4     30B4       CC         0
                text155                           19C3A    19C3A      400         0
                text154                           173B8    173B8      500         0
                text153                           163D2    163D2      5B0         0
                text152                           136CA    136CA      87C         0
                text151                            5B5C     5B5C        6         0
                text150                            3CC0     3CC0       94         0
                text149                            54D0     54D0       3A         0
                text148                            4BEC     4BEC       64         0
                text147                            3DE8     3DE8       8A         0
                text146                           18B38    18B38      462         0
                text145                            5A96     5A96       12         0
                text144                           1FFFE    1FFFE        2         0
                text143                            56EC     56EC       2E         0
                text142                            355E     355E       BA         0
                text141                            5B48     5B48        8         0
                text140                             B62      B62      172         0
                text139                            36D2     36D2       B8         0
                text138                             9F0      9F0      172         0
                text137                            5B56     5B56        6         0
                text136                            592E     592E       1E         0
                text135                            5A84     5A84       12         0
                text134                            5B18     5B18        C         0
                text133                            5622     5622       34         0
                text132                            4F28     4F28       52         0
                text131                            5818     5818       26         0
                text130                            5B6A     5B6A        4         0
                text129                            59FC     59FC       18         0
                text128                            5864     5864       24         0
                text127                            5B66     5B66        4         0
                text126                            5B62     5B62        4         0
                text125                            59E4     59E4       18         0
                text124                            59CC     59CC       18         0
                text123                            5A6E     5A6E       16         0
                text122                            5B40     5B40        8         0
                text121                            5A58     5A58       16         0
                text120                            5980     5980       1A         0
                text119                            5B24     5B24        A         0
                text118                            4B88     4B88       64         0
                text117                            4B24     4B24       64         0
                text116                           16982    16982      52C         0
                text115                            4310     4310       80         0
                text114                            4766     4766       72         0
                text113                            4290     4290       80         0
                text112                            49F2     49F2       66         0
                text111                            5492     5492       3E         0
                text110                           1DA60    1DA60      1D2         0
                text109                            1640     1640      134         0
                text108                            5B38     5B38        8         0
                text107                            33DA     33DA       C2         0
                text106                            5306     5306       44         0
                text105                            4848     4848       6E         0
                text104                            3AF0     3AF0       9E         0
                text103                            46EE     46EE       78         0
                text102                            4508     4508       7C         0
                text101                            5AE6     5AE6        E         0
                text100                            4004     4004       84         0
                text99                             5AD8     5AD8        E         0
                text98                             498C     498C       66         0
                text97                             38F8     38F8       AA         0
                text96                             5234     5234       46         0
                text95                             5B0C     5B0C        C         0
                text94                             59B4     59B4       18         0
                text93                             5B50     5B50        6         0
                text92                              106      106      18C         0
                text91                             5A42     5A42       16         0
                text90                             29E8     29E8       E8         0
                text89                             19C0     19C0      120         0
                text88                             510E     510E       4C         0
                text87                             2028     2028      102         0
                text86                            1F83A    1F83A      196         0
                text85                            1F1D8    1F1D8      19A         0
                text84                            1F6A4    1F6A4      196         0
                text83                            1F03E    1F03E      19A         0
                text82                            1DC32    1DC32      1CE         0
                text81                             4D18     4D18       60         0
                text80                             571A     571A       2C         0
                text79                             51EE     51EE       46         0
                text78                            18234    18234      494         0
                text77                             5688     5688       32         0
                text76                            1D87C    1D87C      1E4         0
                text75                             501E     501E       50         0
                text74                            1B76E    1B76E      290         0
                text73                            1E826    1E826      1A4         0
                text72                            13F46    13F46      802         0
                text71                            156AA    156AA      714         0
                text70                            1DFBE    1DFBE      1BC         0
                text69                            1E9CA    1E9CA      19E         0
                text68                             1AE0     1AE0      11C         0
                text67                             410C     410C       82         0
                text66                             1BFC     1BFC      116         0
                text65                             5966     5966       1A         0
                text64                             594C     594C       1A         0
                text63                             222C     222C      100         0
                text62                             440E     440E       7E         0
                text61                             271A     271A       F6         0
                text60                            1BEDC    1BEDC      262         0
                text59                              CD4      CD4      16C         0
                text58                              590      590      176         0
                text57                             4584     4584       7A         0
                text56                             5B00     5B00        C         0
                text55                            1C13E    1C13E      24E         0
                text54                            186C8    186C8      470         0
                text53                            1C38C    1C38C      242         0
                text52                             3C2A     3C2A       96         0
                text51                             5ACA     5ACA        E         0
                text50                            1DE00    1DE00      1BE         0
                text49                            14F30    14F30      77A         0
                text48                             4676     4676       78         0
                text47                            1BC74    1BC74      268         0
                text46                            1E682    1E682      1A4         0
                text45                             5454     5454       3E         0
                text44                              416      416      17A         0
                text43                             4ED6     4ED6       52         0
                text42                             18A0     18A0      120         0
                text41                            15DBE    15DBE      614         0
                text40                              E40      E40      16A         0
                text39                            1EEA4    1EEA4      19A         0
                text38                             242A     242A       FC         0
                text37                             3F80     3F80       84         0
                text36                            10000    10000     1324         0
                text35                             5AF4     5AF4        C         0
                text34                            1D288    1D288      208         0
                text33                             550A     550A       38         0
                text32                             126A     126A      150         0
                text31                            193E6    193E6      42A         0
                text30                            1AB08    1AB08      38A         0
                text29                             13BA     13BA      14E         0
                text28                             2BB6     2BB6       E2         0
                text27                             3B8E     3B8E       9C         0
                text26                             2C98     2C98       E0         0
                text25                             4DD6     4DD6       5A         0
                text24                            1A772    1A772      396         0
                text23                              292      292      184         0
                text22                             4210     4210       80         0
                text21                            1CA32    1CA32      21C         0
                text20                            1C5CE    1C5CE      232         0
                text19                            14748    14748      7E8         0
                text18                            1FE80    1FE80      17E         0
                text17                            1E4DE    1E4DE      1A4         0
                text16                            1D490    1D490      1F8         0
                text15                             2AD0     2AD0       E6         0
                text14                             45FE     45FE       78         0
                text13                            16EAE    16EAE      50A         0
                text12                             5ABA     5ABA       10         0
                text11                             5910     5910       1E         0
                text10                             2810     2810       EC         0
                text9                              3EFA     3EFA       86         0
                text8                              448C     448C       7C         0
                text7                              5656     5656       32         0
                text6                              1508     1508      138         0
                text5                             17D78    17D78      4BC         0
                text4                              4E84     4E84       52         0
                text3                              2526     2526       FA         0
                text2                              4390     4390       7E         0
                text1                              5888     5888       22         0
                text0                             1FCF4    1FCF4      18C         0
                cinit                              2FE8     2FE8       CC         0
                idataBANK8                         51A6     51A6       47         0
                idataBANK7                         5A2C     5A2C       16         0

        CLASS   CONST          

        CLASS   SMALLCONST     

        CLASS   MEDIUMCONST    
                mediumconst                        DD0E     DD0E     22F2         0

        CLASS   COMRAM         
                cstackCOMRAM                        501      501       51         1
                bssCOMRAM                           552      552        7         1

        CLASS   ABS1           

        CLASS   BIGRAM         
                bssBIGRAM                           C00      C00     10FC         1

        CLASS   RAM            

        CLASS   BANK5          
                cstackBANK5                         560      560       A0         1

        CLASS   BANK6          
                cstackBANK6                         600      600       E5         1
                bssBANK6                            6E5      6E5        A         1
                nvBANK6                             6EF      6EF        3         1

        CLASS   BANK7          
                cstackBANK7                         780      780       45         1
                dataBANK7                           7E9      7E9       16         1
                bssBANK7                            700      700       80         1
                nvBANK7                             7C5      7C5       24         1

        CLASS   BANK8          
                cstackBANK8                         8DD      8DD       20         1
                dataBANK8                           872      872       47         1
                bssBANK8                            800      800       72         1
                nvBANK8                             8B9      8B9       24         1

        CLASS   BANK9          
                bssBANK9                            900      900       D0         1

        CLASS   BANK10         
                bssBANK10                           A00      A00      100         1

        CLASS   BANK11         
                bssBANK11                           B00      B00      100         1

        CLASS   BANK12         

        CLASS   BANK13         

        CLASS   BANK14         

        CLASS   BANK15         

        CLASS   BANK16         

        CLASS   BANK17         

        CLASS   BANK18         

        CLASS   BANK19         

        CLASS   BANK20         

        CLASS   BANK21         

        CLASS   BANK22         

        CLASS   BANK23         

        CLASS   BANK24         

        CLASS   BANK25         

        CLASS   BANK26         

        CLASS   BANK27         

        CLASS   BANK28         

        CLASS   BANK29         

        CLASS   BANK30         

        CLASS   BANK31         

        CLASS   BANK32         

        CLASS   BANK33         

        CLASS   BANK34         

        CLASS   BANK35         

        CLASS   BANK36         

        CLASS   SFR            

        CLASS   BIGSFR         

        CLASS   CONFIG         
                config                           300000   300000        A         4

        CLASS   IDLOC          

        CLASS   EEDATA         

        CLASS   FARRAM         

        CLASS   HEAP           

        CLASS   STACK          



SEGMENTS        Name                           Load    Length   Top    Selector   Space  Class

                reset_vec                      000000  000004  000004         0       0  CODE    
                ivt0x8                         000008  0051E5  0051ED         4       0  CODE    
                cstackCOMRAM                   000501  000058  000559       501       1  COMRAM  
                cstackBANK5                    000560  0000A0  000600       560       1  BANK5   
                cstackBANK6                    000600  0000F2  0006F2       600       1  BANK6   
                bssBANK7                       000700  0000FF  0007FF       700       1  BANK7   
                bssBANK8                       000800  0000FD  0008FD       800       1  BANK8   
                bssBANK9                       000900  0000D0  0009D0       900       1  BANK9   
                bssBANK10                      000A00  000100  000B00       A00       1  BANK10  
                bssBANK11                      000B00  000100  000C00       B00       1  BANK11  
                bssBIGRAM                      000C00  0010FC  001CFC       C00       1  BIGRAM  
                text79                         0051EE  000980  005B6E      28F7       0  CODE    
                mediumconst                    00DD0E  0022F2  010000      6E87       0  MEDIUMCO
                text36                         010000  010000  020000      8000       0  CODE    


UNUSED ADDRESS RANGES

        Name                Unused          Largest block    Delta
        BANK28           001CFC-001CFF                4
        BANK29           001D00-001DFF              100
        BANK30           001E00-001EFF              100
        BANK31           001F00-001FFF              100
        BANK32           002000-0020FF              100
        BANK33           002100-0021FF              100
        BANK34           002200-0022FF              100
        BANK35           002300-0023FF              100
        BANK36           002400-0024FF              100
        BANK6            0006F2-0006FF                E
        BANK7            0007FF-0007FF                1
        BANK8            0008FD-0008FF                3
        BANK9            0009D0-0009FF               30
        BIGRAM           000559-00055F                7
                         0006F2-0006FF                E
                         0007FF-0007FF                1
                         0008FD-0008FF                3
                         0009D0-0009FF               30
                         001CFC-0024FF              804
        BIGSFR           000000-0004FF              500
                         002500-0025FF              100
        CODE             000004-000007                4
                         0051ED-0051ED                1
                         005B6E-00DD0D             81A0
        COMRAM           000559-00055F                7
        CONFIG           30000A-300011                8
        CONST            000004-000007                4
                         0051ED-0051ED                1
                         005B6E-00DD0D             81A0
        EEDATA           380000-3803FF              400
        IDLOC            200000-20003F               40
        MEDIUMCONST      0051ED-0051ED                1
                         005B6E-00DD0D             81A0
        RAM              0006F2-0006FF                E
                         0007FF-0007FF                1
                         0008FD-0008FF                3
                         0009D0-0009FF               30
                         001CFC-0024FF              100
        SFR              000000-0004FF              100
                         002500-0025FF              100
        SMALLCONST       0051ED-0051ED                1
                         005B6E-00DD0D              100

                                  Symbol Table

?_SDCard_debug                                 cstackCOMRAM 000508
?_SDCard_init                                  cstackBANK5  0005D6
?_SDCard_read512                               cstackBANK5  0005EF
?_SDCard_write512                              cstackBANK5  0005EF
?___SDCard_command_r1                          cstackCOMRAM 00051F
?___SDCard_crc16                               cstackCOMRAM 000508
?___aldiv                                      cstackCOMRAM 000508
?___almod                                      cstackCOMRAM 000508
?___fladd                                      cstackCOMRAM 000508
?___fldiv                                      cstackCOMRAM 000522
?___flmul                                      cstackCOMRAM 000508
?___flneg                                      cstackCOMRAM 000508
?___flsub                                      cstackCOMRAM 000521
?___fltol                                      cstackCOMRAM 000508
?___fpclassifyf                                cstackCOMRAM 000508
?___lldiv                                      cstackCOMRAM 000508
?___llmod                                      cstackCOMRAM 000508
?___lmul                                       cstackCOMRAM 000508
?___lwmod                                      cstackCOMRAM 000508
?___strtoxl                                    cstackCOMRAM 000515
?___wmul                                       cstackCOMRAM 000508
?___xxtofl                                     cstackCOMRAM 000514
?_abs                                          cstackCOMRAM 000512
?_check_fs                                     cstackBANK6  000636
?_clst2sect                                    cstackCOMRAM 000514
?_cpm_disk_read                                cstackBANK6  00069D
?_cpm_trsect_from_lba                          cstackBANK5  0005CE
?_cpm_trsect_to_lba                            cstackBANK5  0005CE
?_create_chain                                 cstackBANK6  000657
?_ctoa                                         cstackCOMRAM 000514
?_dbc_1st                                      cstackCOMRAM 000508
?_dbc_2nd                                      cstackCOMRAM 000508
?_disas_op                                     cstackBANK5  0005CA
?_disas_ops                                    cstackBANK5  0005DF
?_disk_init                                    cstackBANK6  0006CE
?_dtoa                                         cstackCOMRAM 000526
?_efgtoa                                       cstackBANK5  000560
?_emuz80_47q_name                              cstackCOMRAM 000508
?_emuz80_common_high_addr_mask                 cstackCOMRAM 000508
?_emuz80_common_low_addr_mask                  cstackCOMRAM 000508
?_fatdisk_debug                                cstackCOMRAM 000508
?_find_volume                                  cstackBANK6  000644
?_floorf                                       cstackCOMRAM 00053B
?_get_fat                                      cstackBANK6  000636
?_get_fattime                                  cstackCOMRAM 000508
?_get_ldnumber                                 cstackCOMRAM 000508
?_io_stat                                      cstackCOMRAM 000508
?_isalnum                                      cstackCOMRAM 00050E
?_isalpha                                      cstackCOMRAM 000508
?_isdigit                                      cstackCOMRAM 000508
?_islower                                      cstackCOMRAM 000508
?_isspace                                      cstackCOMRAM 000508
?_isupper                                      cstackCOMRAM 000508
?_labs                                         cstackCOMRAM 000508
?_ld_clust                                     cstackCOMRAM 00050F
?_ld_dword                                     cstackCOMRAM 000508
?_ld_word                                      cstackCOMRAM 000508
?_memcmp                                       cstackCOMRAM 000508
?_menu_select                                  cstackBANK6  0006CF
?_mon_chartoval                                cstackCOMRAM 000508
?_mon_cmd_breakpoint                           cstackBANK6  0006B2
?_mon_cmd_clearbreakpoint                      cstackBANK6  0006B2
?_mon_cmd_continue                             cstackBANK6  0006B2
?_mon_cmd_disassemble                          cstackBANK6  0006B2
?_mon_cmd_diskread                             cstackBANK6  0006B2
?_mon_cmd_dump                                 cstackBANK6  0006B2
?_mon_cmd_help                                 cstackBANK6  0006B2
?_mon_cmd_jump                                 cstackBANK6  0006B2
?_mon_cmd_reset                                cstackBANK6  0006B2
?_mon_cmd_sdread                               cstackBANK6  0006B2
?_mon_cmd_set                                  cstackBANK6  0006B2
?_mon_cmd_status                               cstackBANK6  0006B2
?_mon_cmd_step                                 cstackBANK6  0006B2
?_mon_cmd_write                                cstackBANK6  0006B2
?_mon_get_hexval                               cstackCOMRAM 00050D
?_mon_get_str                                  cstackCOMRAM 000512
?_mon_parse                                    cstackBANK5  0005CE
?_mon_prompt                                   cstackBANK6  0006C8
?_mon_strtoval                                 cstackCOMRAM 000538
?_otoa                                         cstackCOMRAM 000526
?_pad                                          cstackCOMRAM 00051B
?_printf                                       cstackBANK5  0005B4
?_read_prec_or_width                           cstackCOMRAM 00050E
?_sprintf                                      cstackBANK5  0005B4
?_stoa                                         cstackCOMRAM 000514
?_strchr                                       cstackCOMRAM 000508
?_strcmp                                       cstackCOMRAM 000508
?_strlen                                       cstackCOMRAM 000508
?_strncmp                                      cstackCOMRAM 000508
?_strtoul                                      cstackCOMRAM 000532
?_toupper                                      cstackCOMRAM 00050C
?_util_stricmp                                 cstackCOMRAM 000510
?_utoa                                         cstackCOMRAM 000526
?_vfpfcnvrt                                    cstackBANK5  000593
?_vfprintf                                     cstackBANK5  0005AC
?_xtoa                                         cstackCOMRAM 000526
?i2___lwmod                                    cstackCOMRAM 000501
Default_ISR@c                                  cstackCOMRAM 000507
IVTBASEH                                       (abs)        00045E
IVTBASEL                                       (abs)        00045D
IVTBASEU                                       (abs)        00045F
SDCard_command@argument                        cstackCOMRAM 00052F
SDCard_command@command                         cstackCOMRAM 000537
SDCard_command@length                          cstackCOMRAM 000535
SDCard_command@response_buffer                 cstackCOMRAM 000533
SDCard_command@responsep                       cstackCOMRAM 00053C
SDCard_command@result                          cstackCOMRAM 00053A
SDCard_command@spi                             cstackCOMRAM 000538
SDCard_crc@buf                                 cstackCOMRAM 000508
SDCard_crc@count                               cstackCOMRAM 00050A
SDCard_crc@crc                                 cstackCOMRAM 000510
SDCard_crc@endp                                cstackCOMRAM 00050C
SDCard_crc@i                                   cstackCOMRAM 00050E
SDCard_crc@p                                   cstackCOMRAM 000511
SDCard_debug@newval                            cstackCOMRAM 000508
SDCard_debug@res                               cstackCOMRAM 00050A
SDCard_end_transaction@spi                     cstackCOMRAM 000519
SDCard_init@buf                                cstackBANK5  0005E0
SDCard_init@clock_speed                        cstackBANK5  0005D8
SDCard_init@i                                  cstackBANK5  0005DC
SDCard_init@initial_clock_speed                cstackBANK5  0005D6
SDCard_init@spi                                cstackBANK5  0005DE
SDCard_init@timeout                            cstackBANK5  0005DA
SDCard_read512@addr                            cstackBANK5  0005EF
SDCard_read512@buf                             cstackBANK5  0005F5
SDCard_read512@count                           cstackBANK5  0005F7
SDCard_read512@crc                             cstackBANK6  00060C
SDCard_read512@i                               cstackBANK6  000600
SDCard_read512@i_2499                          cstackBANK6  000602
SDCard_read512@offs                            cstackBANK5  0005F3
SDCard_read512@resp_crc                        cstackBANK6  000606
SDCard_read512@response                        cstackBANK6  00060E
SDCard_read512@result                          cstackBANK6  000608
SDCard_read512@retry                           cstackBANK6  000604
SDCard_read512@spi                             cstackBANK6  00060A
SDCard_write512@addr                           cstackBANK5  0005EF
SDCard_write512@buf                            cstackBANK5  0005F5
SDCard_write512@count                          cstackBANK5  0005F7
SDCard_write512@crc                            cstackBANK6  000608
SDCard_write512@i                              cstackBANK6  000600
SDCard_write512@i_2516                         cstackBANK6  000602
SDCard_write512@offs                           cstackBANK5  0005F3
SDCard_write512@response                       cstackBANK6  00060C
SDCard_write512@result                         cstackBANK6  000606
SDCard_write512@retry                          cstackBANK6  000604
SDCard_write512@spi                            cstackBANK6  00060A
SPI_SD_begin@ctx                               cstackCOMRAM 00050A
SPI_SD_begin@ctx_                              cstackCOMRAM 000508
SPI_SD_begin_transaction@ctx_                  cstackCOMRAM 00050C
SPI_SD_configure@bit_order                     cstackBANK5  0005D2
SPI_SD_configure@clock_speed                   cstackBANK5  0005D0
SPI_SD_configure@ctx_                          cstackBANK5  0005CE
SPI_SD_configure@data_mode                     cstackBANK5  0005D3
SPI_SD_dummy_clocks@clocks                     cstackCOMRAM 000514
SPI_SD_dummy_clocks@ctx_                       cstackCOMRAM 000512
SPI_SD_dummy_clocks@dummy                      cstackCOMRAM 000518
SPI_SD_dummy_clocks@i                          cstackCOMRAM 000516
SPI_SD_end_transaction@ctx_                    cstackCOMRAM 00050C
SPI_SD_receive@buf                             cstackCOMRAM 00050A
SPI_SD_receive@count                           cstackCOMRAM 00050C
SPI_SD_receive@ctx_                            cstackCOMRAM 000508
SPI_SD_receive@i                               cstackCOMRAM 000511
SPI_SD_receive@i_2416                          cstackCOMRAM 000513
SPI_SD_receive@p                               cstackCOMRAM 000514
SPI_SD_receive@repeat                          cstackCOMRAM 000510
SPI_SD_receive_byte@ctx_                       cstackCOMRAM 000516
SPI_SD_receive_byte@dummy                      cstackCOMRAM 000518
SPI_SD_select@ctx_                             cstackCOMRAM 000508
SPI_SD_select@select                           cstackCOMRAM 00050A
SPI_SD_send@buf                                cstackCOMRAM 00050A
SPI_SD_send@count                              cstackCOMRAM 00050C
SPI_SD_send@ctx_                               cstackCOMRAM 000508
SPI_SD_send@i                                  cstackCOMRAM 00050E
SPI_SD_send@p                                  cstackCOMRAM 000510
_ANSELA                                        (abs)        000400
_ANSELB                                        (abs)        000408
_ANSELC                                        (abs)        000410
_ANSELD                                        (abs)        000418
_ANSELE0                                       (abs)        002100
_ANSELE1                                       (abs)        002101
_ANSELE2                                       (abs)        002102
_CLC3IE                                        (abs)        00252D
_CLC3IF                                        (abs)        0025AD
_CLCDATA                                       (abs)        0000D4
_CLCIN0PPS                                     (abs)        000261
_CLCIN1PPS                                     (abs)        000262
_CLCIN2PPS                                     (abs)        000263
_CLCIN4PPS                                     (abs)        000265
_CLCIN6PPS                                     (abs)        000267
_CLCSELECT                                     (abs)        0000D5
_CLCnCON                                       (abs)        0000D6
_CLCnGLS0                                      (abs)        0000DC
_CLCnGLS1                                      (abs)        0000DD
_CLCnGLS2                                      (abs)        0000DE
_CLCnGLS3                                      (abs)        0000DF
_CLCnPOL                                       (abs)        0000D7
_CLCnSEL0                                      (abs)        0000D8
_CLCnSEL1                                      (abs)        0000D9
_CLCnSEL2                                      (abs)        0000DA
_CLCnSEL3                                      (abs)        0000DB
_DbcTbl                                        mediumconst  00DD55
_Default_ISR                                   text244      004FCC
_FatFs                                         bssBANK7     000751
_Fsid                                          bssBANK7     00074F
_G3POL                                         (abs)        0006BA
_GIE                                           (abs)        0026B7
_IVTBASE                                       (abs)        00045D
_IVTLOCK                                       (abs)        000459
_IVTLOCKbits                                   (abs)        000459
_LATA1                                         (abs)        0025F1
_LATA3                                         (abs)        0025F3
_LATA4                                         (abs)        0025F4
_LATA6                                         (abs)        0025F6
_LATB                                          (abs)        0004BF
_LATC                                          (abs)        0004C0
_LATD                                          (abs)        0004C1
_LATD7                                         (abs)        00260F
_LATE0                                         (abs)        002610
_LATE1                                         (abs)        002611
_LATE2                                         (abs)        002612
_NCO1CLK                                       (abs)        000447
_NCO1EN                                        (abs)        002237
_NCO1INC                                       (abs)        000443
_NCO1OUT                                       (abs)        002235
_NCO1PFM                                       (abs)        002230
_NCO1POL                                       (abs)        002234
_OSCFRQ                                        (abs)        0000B1
_PORTB                                         (abs)        0004CF
_PORTC                                         (abs)        0004D0
_RA0                                           (abs)        002670
_RA1                                           (abs)        002671
_RA1PPS                                        (abs)        000202
_RA2PPS                                        (abs)        000203
_RA3PPS                                        (abs)        000204
_RA4PPS                                        (abs)        000205
_RA5                                           (abs)        002675
_RA6PPS                                        (abs)        000207
_RC0PPS                                        (abs)        000211
_RC1PPS                                        (abs)        000212
_RD7PPS                                        (abs)        000220
_SDCard_command                                text8        00448C
_SDCard_crc                                    text234      004088
_SDCard_debug                                  text65       005966
_SDCard_end_transaction                        text235      00579E
_SDCard_init                                   text5        017D78
_SDCard_read512                                text185      01A03A
_SDCard_write512                               text177      018F9A
_SLRCONCbits                                   (abs)        000413
_SPI1BAUD                                      (abs)        000089
_SPI1CLK                                       (abs)        00008C
_SPI1CON0                                      (abs)        000084
_SPI1CON0bits                                  (abs)        000084
_SPI1CON1                                      (abs)        000085
_SPI1CON1bits                                  (abs)        000085
_SPI1CON2bits                                  (abs)        000086
_SPI1INTE                                      (abs)        00008B
_SPI1RXB                                       (abs)        000080
_SPI1RXIF                                      (abs)        002588
_SPI1SCKPPS                                    (abs)        00026A
_SPI1SDIPPS                                    (abs)        00026B
_SPI1TCNTH                                     (abs)        000083
_SPI1TCNTL                                     (abs)        000082
_SPI1TWIDTH                                    (abs)        000088
_SPI1TXB                                       (abs)        000081
_SPI_SD_begin                                  text7        005656
_SPI_SD_begin_transaction                      text233      0058CC
_SPI_SD_configure                              text6        001508
_SPI_SD_ctx                                    dataBANK7    0007F7
_SPI_SD_dummy_clocks                           text238      004D78
_SPI_SD_end_transaction                        text236      0058EE
_SPI_SD_receive                                text232      01AE92
_SPI_SD_receive_byte                           text231      0058AA
_SPI_SD_select                                 text237      005A14
_SPI_SD_send                                   text241      003D54
_TRISA0                                        (abs)        002630
_TRISA1                                        (abs)        002631
_TRISA2                                        (abs)        002632
_TRISA3                                        (abs)        002633
_TRISA4                                        (abs)        002634
_TRISA5                                        (abs)        002635
_TRISA6                                        (abs)        002636
_TRISA7                                        (abs)        002637
_TRISB                                         (abs)        0004C7
_TRISC                                         (abs)        0004C8
_TRISC0                                        (abs)        002640
_TRISC1                                        (abs)        002641
_TRISC2                                        (abs)        002642
_TRISD                                         (abs)        0004C9
_TRISD6                                        (abs)        00264E
_TRISD7                                        (abs)        00264F
_TRISE0                                        (abs)        002650
_TRISE1                                        (abs)        002651
_TRISE2                                        (abs)        002652
_U3BRG                                         (abs)        0002D4
_U3ON                                          (abs)        001697
_U3RXB                                         (abs)        0002C7
_U3RXEN                                        (abs)        00168C
_U3RXIE                                        (abs)        002538
_U3RXIF                                        (abs)        0025B8
_U3RXPPS                                       (abs)        000276
_U3TXB                                         (abs)        0002C9
_U3TXEN                                        (abs)        00168D
_U3TXIE                                        (abs)        002539
_U3TXIF                                        (abs)        0025B9
_WPUA0                                         (abs)        002008
_WPUA1                                         (abs)        002009
_WPUA5                                         (abs)        00200D
_WPUB                                          (abs)        000409
_WPUC                                          (abs)        000411
_WPUD                                          (abs)        000419
_WPUD6                                         (abs)        0020CE
_WPUE2                                         (abs)        00210A
__Exit                                         text137      005B56
__Exit@ec                                      cstackCOMRAM 000508
__HRAM                                         (abs)        000000
__H__absolute__                                __absolute__ 000000
__Habs1                                        abs1         000000
__Hbank10                                      bank10       000000
__Hbank11                                      bank11       000000
__Hbank12                                      bank12       000000
__Hbank13                                      bank13       000000
__Hbank14                                      bank14       000000
__Hbank15                                      bank15       000000
__Hbank16                                      bank16       000000
__Hbank17                                      bank17       000000
__Hbank18                                      bank18       000000
__Hbank19                                      bank19       000000
__Hbank20                                      bank20       000000
__Hbank21                                      bank21       000000
__Hbank22                                      bank22       000000
__Hbank23                                      bank23       000000
__Hbank24                                      bank24       000000
__Hbank25                                      bank25       000000
__Hbank26                                      bank26       000000
__Hbank27                                      bank27       000000
__Hbank28                                      bank28       000000
__Hbank29                                      bank29       000000
__Hbank30                                      bank30       000000
[...]
		_emuz80_47q_start_z80		CODE           	33DA	0000	194

../src/boards/MEZ180_sd.c estimated size: 808

C:\Program Files\Microchip\xc8\v2.41\pic\sources\c99\common\llmod.c
		___llmod       		CODE           	3E72	0000	136

C:\Program Files\Microchip\xc8\v2.41\pic\sources\c99\common\llmod.c estimated size: 136

C:\Program Files\Microchip\xc8\v2.41\pic\sources\c99\common\almod.c
		___almod       		CODE           	28FC	0000	236

C:\Program Files\Microchip\xc8\v2.41\pic\sources\c99\common\almod.c estimated size: 236

C:\Program Files\Microchip\xc8\v2.41\pic\sources\c99\common\Umul32.c
		___lmul        		CODE           	4922	0000	106

C:\Program Files\Microchip\xc8\v2.41\pic\sources\c99\common\Umul32.c estimated size: 106

../drivers/diskio.c
		_fatdisk_debug 		CODE           	594C	0000	26
		_get_fattime   		CODE           	5AA8	0000	18
		_disk_initialize		CODE           	1B4A6	0000	712
		_disk_write    		CODE           	1F9D0	0000	402
		_disk_status   		CODE           	418E	0000	130
		_disk_ioctl    		CODE           	3618	0000	186
		_disk_read     		CODE           	1FB62	0000	402

../drivers/diskio.c estimated size: 1876

C:\Program Files\Microchip\xc8\v2.41\pic\sources\c99\common\assert.c
		___assert_fail 		CODE           	5622	0000	52

C:\Program Files\Microchip\xc8\v2.41\pic\sources\c99\common\assert.c estimated size: 52

C:\Program Files\Microchip\xc8\v2.41\pic\sources\c99\common\fltol.c
		___fltol       		CODE           	1E1E	0000	262

C:\Program Files\Microchip\xc8\v2.41\pic\sources\c99\common\fltol.c estimated size: 262

C:\Program Files\Microchip\xc8\v2.41\pic\sources\c99\common\strtoul.c
		_strtoul       		CODE           	5688	0000	50

C:\Program Files\Microchip\xc8\v2.41\pic\sources\c99\common\strtoul.c estimated size: 50

../src/boards/../../drivers/SDCard.c
		_SDCard_crc    		CODE           	4088	0000	132
		___SDCard_crc16		CODE           	3316	0000	196
		_SDCard_init   		CODE           	17D78	0000	1212
		_SDCard_debug  		CODE           	5966	0000	26
		_SDCard_read512		CODE           	1A03A	0000	926
		_SDCard_command		CODE           	448C	0000	124
		_SDCard_write512		CODE           	18F9A	0000	1100
		_SDCard_end_transaction		CODE           	579E	0000	42
		___SDCard_wait_response		CODE           	52C0	0000	70
		___SDCard_command_r1		CODE           	3842	0000	182

../src/boards/../../drivers/SDCard.c estimated size: 4010

C:\Program Files\Microchip\xc8\v2.41\pic\sources\c99\common\xxtofl.c
		___xxtofl      		CODE           	1E17A	0000	436

C:\Program Files\Microchip\xc8\v2.41\pic\sources\c99\common\xxtofl.c estimated size: 436

C:\Program Files\Microchip\xc8\v2.41\pic\sources\c99\common\__lldiv.c
		___lldiv       		CODE           	3A4C	0000	164

C:\Program Files\Microchip\xc8\v2.41\pic\sources\c99\common\__lldiv.c estimated size: 164

../src/disas.c
		_disas_op      		CODE           	1B76E	0000	656
		_disas_ops     		CODE           	1E826	0000	420

../src/disas.c estimated size: 1076

C:\Program Files\Microchip\xc8\v2.41\pic\sources\c99\common\__strtoxl.c
		___strtoxl     		CODE           	18234	0000	1172

C:\Program Files\Microchip\xc8\v2.41\pic\sources\c99\common\__strtoxl.c estimated size: 1172

../src/io.c
		_getch_buffered		CODE           	3DE8	0000	138
		_io_invoke_target_cpu_prepare		CODE           	0106	0000	396
		_putch         		CODE           	599A	0000	26
		_cpm_trsect_from_lba		CODE           	1E9CA	0000	414
		___con_flush_buffer		CODE           	4B88	0000	100
		_ungetch       		CODE           	4ABE	0000	102
		_try_to_invoke_monitor		CODE           	242A	0000	252
		_io_set_interrupt_data		CODE           	5B0C	0000	12
		_io_init       		CODE           	5AF4	0000	12
		_putch_buffered		CODE           	4B24	0000	100
		_io_wait_write 		CODE           	16982	0000	1324
		_io_invoke_target_cpu_teardown		CODE           	2028	0000	258
		_io_stat       		CODE           	5B24	0000	10
		_con_flush_buffer		CODE           	56BA	0000	50
		_io_invoke_target_cpu		CODE           	1DA60	0000	466
		_Default_ISR   		CODE           	4FCC	0000	82
		_cpm_trsect_to_lba		CODE           	1AE0	0000	284
		_hw_ctrl_read  		CODE           	5B5C	0000	6
		_io_handle     		CODE           	10000	0000	4900
		_hw_ctrl_write 		CODE           	3CC0	0000	148
		_cpm_disk_read 		CODE           	1DFBE	0000	444

../src/io.c estimated size: 9524

C:\Program Files\Microchip\xc8\v2.41\pic\sources\c99\common\strlen.c
		_strlen        		CODE           	50BE	0000	80

C:\Program Files\Microchip\xc8\v2.41\pic\sources\c99\common\strlen.c estimated size: 80

C:\Program Files\Microchip\xc8\v2.41\pic\sources\c99\common\nf_fputc.c
		_fputc         		CODE           	324C	0000	202

C:\Program Files\Microchip\xc8\v2.41\pic\sources\c99\common\nf_fputc.c estimated size: 202

../src/memory.c
		_dma_write_to_sram		CODE           	1F03E	0000	410
		___write_to_sram		CODE           	4290	0000	128
		___memcpy_on_target		CODE           	1640	0000	308
		_mmu_bank_config		CODE           	54D0	0000	58
		_mmu_bank_select		CODE           	1BFC	0000	278
		___read_from_sram		CODE           	4310	0000	128
		_mem_init      		CODE           	1D288	0000	520
		_read_from_sram_low_addr		CODE           	1F83A	0000	406
		_dma_read_from_sram		CODE           	1F1D8	0000	410
		___write_sram_regions		CODE           	09F0	0000	370
		___read_sram_regions		CODE           	0B62	0000	370
		_write_to_sram_low_addr		CODE           	1F6A4	0000	406

../src/memory.c estimated size: 3792

C:\Program Files\Microchip\xc8\v2.41\pic\sources\c99\common\strcmp.c
		_strcmp        		CODE           	45FE	0000	120

C:\Program Files\Microchip\xc8\v2.41\pic\sources\c99\common\strcmp.c estimated size: 120

C:\Program Files\Microchip\xc8\v2.41\pic\sources\c99\common\strchr.c
		_strchr        		CODE           	4DD6	0000	90

C:\Program Files\Microchip\xc8\v2.41\pic\sources\c99\common\strchr.c estimated size: 90

C:\Program Files\Microchip\xc8\v2.41\pic\sources\c99\common\strcpy.c
		_strcpy        		CODE           	534A	0000	68

C:\Program Files\Microchip\xc8\v2.41\pic\sources\c99\common\strcpy.c estimated size: 68

C:\Program Files\Microchip\xc8\v2.41\pic\sources\c99\common\memset.c
		_memset        		CODE           	0706	0000	374

C:\Program Files\Microchip\xc8\v2.41\pic\sources\c99\common\memset.c estimated size: 374

C:\Program Files\Microchip\xc8\v2.41\pic\sources\c99\common\nf_sprintf.c
		_sprintf       		CODE           	501E	0000	80

C:\Program Files\Microchip\xc8\v2.41\pic\sources\c99\common\nf_sprintf.c estimated size: 80

C:\Program Files\Microchip\xc8\v2.41\pic\sources\c99\common\isdigit.c
		_isdigit       		CODE           	571A	0000	44

C:\Program Files\Microchip\xc8\v2.41\pic\sources\c99\common\isdigit.c estimated size: 44

C:\Program Files\Microchip\xc8\v2.41\pic\sources\c99\common\sprcadd.c
		___flsub       		CODE           	527A	0000	70
		___fladd       		CODE           	178B8	0000	1216

C:\Program Files\Microchip\xc8\v2.41\pic\sources\c99\common\sprcadd.c estimated size: 1286

C:\Program Files\Microchip\xc8\v2.41\pic\sources\c99\common\aldiv.c
		___aldiv       		CODE           	1D12	0000	268

C:\Program Files\Microchip\xc8\v2.41\pic\sources\c99\common\aldiv.c estimated size: 268

C:\Program Files\Microchip\xc8\v2.41\pic\sources\c99\common\abs.c
		_abs           		CODE           	5414	0000	64

C:\Program Files\Microchip\xc8\v2.41\pic\sources\c99\common\abs.c estimated size: 64

C:\Program Files\Microchip\xc8\v2.41\pic\sources\c99\common\doprnt.c
		_read_prec_or_width		CODE           	2F1A	0000	206
		_vfpfcnvrt     		CODE           	11324	0000	3608
		_efgtoa        		CODE           	1213C	0000	2762
		_pad           		CODE           	349C	0000	194
		_ctoa          		CODE           	2D78	0000	212
		_dtoa          		CODE           	1C800	0000	562
		_vfprintf      		CODE           	47D8	0000	112
		_otoa          		CODE           	1F50C	0000	408
		_stoa          		CODE           	1F372	0000	410
		_utoa          		CODE           	110E	0000	348
		_xtoa          		CODE           	1B9FE	0000	630

C:\Program Files\Microchip\xc8\v2.41\pic\sources\c99\common\doprnt.c estimated size: 9452

../fatfs/ff.c
		_clst2sect     		CODE           	30B4	0000	204
		_find_volume   		CODE           	1D688	0000	500
		_dir_clear     		CODE           	126A	0000	336
		_ld_dword      		CODE           	378A	0000	184
		_remove_chain  		CODE           	1C5CE	0000	562
		_f_mount       		CODE           	2620	0000	250
		_get_fat       		CODE           	19C3A	0000	1024
		_st_word       		CODE           	57C8	0000	40
		_get_ldnumber  		CODE           	1EB68	0000	414
		_st_clust      		CODE           	515A	0000	76
		_create_name   		CODE           	1A772	0000	918
		_create_chain  		CODE           	163D2	0000	1456
		_dbc_1st       		CODE           	3B8E	0000	156
		_f_lseek       		CODE           	13F46	0000	2050
		_validate      		CODE           	212A	0000	258
		_check_fs      		CODE           	1B1BA	0000	748
		_f_sync        		CODE           	1CC4E	0000	534
		_get_fileinfo  		CODE           	1D490	0000	504
		_dir_read      		CODE           	1E4DE	0000	420
		_st_dword      		CODE           	48B6	0000	108
		_f_write       		CODE           	136CA	0000	2172
		_dir_alloc     		CODE           	13BA	0000	334
		_f_opendir     		CODE           	1FE80	0000	382
		_put_fat       		CODE           	173B8	0000	1280
		_f_readdir     		CODE           	2AD0	0000	230
		_sync_fs       		CODE           	1CE64	0000	530
		_dir_next      		CODE           	193E6	0000	1066
		_sync_window   		CODE           	1ED06	0000	414
		_dir_register  		CODE           	2BB6	0000	226
		_ld_word       		CODE           	5542	0000	56
		_dir_find      		CODE           	0292	0000	388
		_f_open        		CODE           	14748	0000	2024
		_f_read        		CODE           	156AA	0000	1812
		_dir_sdi       		CODE           	1AB08	0000	906
		_follow_path   		CODE           	1CA32	0000	540
		_f_closedir    		CODE           	550A	0000	56
		_dbc_2nd       		CODE           	2C98	0000	224
		_ld_clust      		CODE           	4210	0000	128
		_move_window   		CODE           	3180	0000	204
		_mount_volume  		CODE           	12C06	0000	2756

../fatfs/ff.c estimated size: 26470

../drivers/utils.c
		_util_addrdump 		CODE           	087C	0000	372
		_util_hexdump  		CODE           	0FAA	0000	356
		_util_stricmp  		CODE           	440E	0000	126
		_util_hexdump_sum		CODE           	3F80	0000	132

../drivers/utils.c estimated size: 986

../src/supermez80.c
		_sys_init      		CODE           	5888	0000	34
		_main          		CODE           	1FCF4	0000	396
		_start_z80     		CODE           	5910	0000	30
		_menu_select   		CODE           	16EAE	0000	1290
		_disk_init     		CODE           	4F7A	0000	82
		_bus_master    		CODE           	5818	0000	38

../src/supermez80.c estimated size: 1870

C:\Program Files\Microchip\xc8\v2.41\pic\sources\c99\common\flneg.c
		___flneg       		CODE           	55EA	0000	56

C:\Program Files\Microchip\xc8\v2.41\pic\sources\c99\common\flneg.c estimated size: 56

C:\Program Files\Microchip\xc8\v2.41\pic\sources\c99\common\abort.c
		_abort         		CODE           	5B18	0000	12

C:\Program Files\Microchip\xc8\v2.41\pic\sources\c99\common\abort.c estimated size: 12

C:\Program Files\Microchip\xc8\v2.41\pic\sources\c99\common\atexit.c
		___funcs_on_exit		CODE           	592E	0000	30

C:\Program Files\Microchip\xc8\v2.41\pic\sources\c99\common\atexit.c estimated size: 30

C:\Program Files\Microchip\xc8\v2.41\pic\sources\c99\common\isalnum.c
		_isalnum       		CODE           	4D18	0000	96

C:\Program Files\Microchip\xc8\v2.41\pic\sources\c99\common\isalnum.c estimated size: 96

C:\Program Files\Microchip\xc8\v2.41\pic\sources\c99\common\fleq.c
		___fleq        		CODE           	39A2	0000	170

C:\Program Files\Microchip\xc8\v2.41\pic\sources\c99\common\fleq.c estimated size: 170

shared
		_trampoline    		MEDIUMCONST    	E314	0000	183
		_disas_z80     		MEDIUMCONST    	DD67	0000	1028
		_trampoline_cleanup_work		MEDIUMCONST    	0000	0000	0
		_num_drives    		MEDIUMCONST    	0000	0000	0
		_trampoline_nmi		MEDIUMCONST    	E47F	0000	64
		_rom           		MEDIUMCONST    	E16B	0000	425
		_DbcTbl        		MEDIUMCONST    	DD55	0000	10
		i2___con_flush_buffer		CODE           	4C50	0000	100
		i2___lwmod     		CODE           	4CB4	0000	100
		_trampoline_nmi_work		MEDIUMCONST    	0000	0000	0
		__initialization		CODE           	2FE8	0000	198
		mon_cmd_set@variables		MEDIUMCONST    	DD0F	0000	70
		_trampoline_work		MEDIUMCONST    	0000	0000	0
		_mon_cmds      		MEDIUMCONST    	E3CB	0000	180
		_trampoline_cleanup		MEDIUMCONST    	E4BF	0000	63
		io_invoke_target_cpu_prepare@dummy_rom		MEDIUMCONST    	E51A	0000	10
		mon_cleanup@reti		MEDIUMCONST    	E527	0000	3
		_dma_helper_z80		MEDIUMCONST    	E4FE	0000	28
		mon_cleanup@retn		MEDIUMCONST    	E524	0000	3

shared estimated size: 2465

../src/monitor.c
		_mon_prepare_nmi		CODE           	5AD8	0000	14
		_mon_get_hexval		CODE           	0416	0000	378
		_uninstall_trampoline		CODE           	49F2	0000	102
		_mon_cmd_sdread		CODE           	1DE00	0000	446
		_install_trampoline		CODE           	4508	0000	124
		_mon_remove_trailing_space		CODE           	4ED6	0000	82
		_mon_cmd_status		CODE           	1BC74	0000	616
		_write_debug_settings		CODE           	271A	0000	246
		_mon_chartoval 		CODE           	1DC32	0000	462
		_save_zero_page		CODE           	4766	0000	114
		_mon_cleanup   		CODE           	29E8	0000	232
		_bank_select_callback		CODE           	410C	0000	130
		_mon_show_registers		CODE           	1BEDC	0000	610
		_uninstall_nmi_vector		CODE           	498C	0000	102
		_mon_cmd_clearbreakpoint		CODE           	4584	0000	122
		_mon_prompt    		CODE           	0E40	0000	362
		_install_nmi_vector		CODE           	38F8	0000	170
		_install_rst_vector		CODE           	5234	0000	70
		_mon_prepare   		CODE           	5AE6	0000	14
		_edit_line     		CODE           	18B38	0000	1122
		_install_trampoline_nmi		CODE           	4004	0000	132
		_mon_enter     		CODE           	4848	0000	110
		_mon_leave     		CODE           	510E	0000	76
		_mon_parse     		CODE           	15DBE	0000	1556
		_mon_assert_interrupt		CODE           	59B4	0000	24
		_mon_init      		CODE           	5ABA	0000	16
		_mon_cmd_breakpoint		CODE           	0590	0000	374
		_mon_enter_nmi 		CODE           	46EE	0000	120
		_mon_strtoval  		CODE           	1D87C	0000	484
		_mon_cmd_disassemble		CODE           	1C13E	0000	590
		_install_trampoline_cleanup		CODE           	19C0	0000	288
		_mon_use_zeropage		CODE           	5492	0000	62
		_mon_get_str   		CODE           	18A0	0000	288
		_mon_setup     		CODE           	5B50	0000	6
		_reinstall_trampoline		CODE           	3AF0	0000	158
		_mon_cmd_set   		CODE           	14F30	0000	1914
		_mon_cmd_help  		CODE           	1E682	0000	420
		_mon_cmd_step  		CODE           	4676	0000	120
		_mon_cmd_dump  		CODE           	1C38C	0000	578
		_mon_cmd_jump  		CODE           	3C2A	0000	150
		_mon_cmd_diskread		CODE           	186C8	0000	1136
		_mon_start     		CODE           	1EEA4	0000	410
		_mon_remove_space		CODE           	5454	0000	62
		_read_debug_settings		CODE           	222C	0000	256
		_mon_cmd_write 		CODE           	0CD4	0000	364
		_mon_cmd_reset 		CODE           	5ACA	0000	14
		_mon_cmd_continue		CODE           	5B00	0000	12

../src/monitor.c estimated size: 15238

C:\Program Files\Microchip\xc8\v2.41\pic\sources\c99\common\memcmp.c
		_memcmp        		CODE           	2E4C	0000	206

C:\Program Files\Microchip\xc8\v2.41\pic\sources\c99\common\memcmp.c estimated size: 206

C:\Program Files\Microchip\xc8\v2.41\pic\sources\c99\common\memcpy.c
		_memcpy        		CODE           	506E	0000	80

C:\Program Files\Microchip\xc8\v2.41\pic\sources\c99\common\memcpy.c estimated size: 80

C:\Program Files\Microchip\xc8\v2.41\pic\sources\c99\common\isupper.c
		_isupper       		CODE           	5772	0000	44

C:\Program Files\Microchip\xc8\v2.41\pic\sources\c99\common\isupper.c estimated size: 44

../src/boards/emuz80_common.c
		_emuz80_common_rd_pin		CODE           	59CC	0000	24
		_emuz80_common_wait_for_programmer		CODE           	4E84	0000	82
		_emuz80_common_ioreq_pin		CODE           	59E4	0000	24
		_emuz80_common_set_data_dir		CODE           	5B48	0000	8
		_emuz80_common_set_data_pins		CODE           	5B40	0000	8
		_emuz80_common_init		CODE           	2810	0000	236
		_emuz80_common_write_to_sram		CODE           	36D2	0000	184
		_emuz80_common_high_addr_mask		CODE           	5A96	0000	18
		_emuz80_common_read_from_sram		CODE           	355E	0000	186
		_emuz80_common_low_addr_mask		CODE           	5B38	0000	8
		_emuz80_common_addr_l_pins		CODE           	5B66	0000	4
		_emuz80_common_start_z80		CODE           	5306	0000	68
		_emuz80_common_data_pins		CODE           	5B62	0000	4
		_emuz80_common_set_wait_pin		CODE           	5A58	0000	22
		_emuz80_common_clock_op_hook		CODE           	1E32E	0000	432
		_emuz80_common_set_reset_pin		CODE           	5A42	0000	22
		_emuz80_common_sys_init		CODE           	4390	0000	126
		_emuz80_common_set_busrq_pin		CODE           	5A6E	0000	22

../src/boards/emuz80_common.c estimated size: 1478

C:\Program Files\Microchip\xc8\v2.41\pic\sources\c99\common\Umul16.c
		___wmul        		CODE           	583E	0000	38

C:\Program Files\Microchip\xc8\v2.41\pic\sources\c99\common\Umul16.c estimated size: 38

C:\Program Files\Microchip\xc8\v2.41\pic\sources\c99\common\_Exit.c
		__Exit         		CODE           	5B56	0000	6

C:\Program Files\Microchip\xc8\v2.41\pic\sources\c99\common\_Exit.c estimated size: 6

C:\Program Files\Microchip\xc8\v2.41\pic\sources\c99\common\nf_fputs.c
		_fputs         		CODE           	538E	0000	68

C:\Program Files\Microchip\xc8\v2.41\pic\sources\c99\common\nf_fputs.c estimated size: 68

C:\Program Files\Microchip\xc8\v2.41\pic\sources\c99\common\isspace.c
		_isspace       		CODE           	51EE	0000	70

C:\Program Files\Microchip\xc8\v2.41\pic\sources\c99\common\isspace.c estimated size: 70

C:\Program Files\Microchip\xc8\v2.41\pic\sources\c99\common\exit.c
		_exit          		CODE           	5A84	0000	18

C:\Program Files\Microchip\xc8\v2.41\pic\sources\c99\common\exit.c estimated size: 18

C:\Program Files\Microchip\xc8\v2.41\pic\sources\c99\common\islower.c
		_islower       		CODE           	5746	0000	44

C:\Program Files\Microchip\xc8\v2.41\pic\sources\c99\common\islower.c estimated size: 44

C:\Program Files\Microchip\xc8\v2.41\pic\sources\c99\common\labs.c
		_labs          		CODE           	4A58	0000	102

C:\Program Files\Microchip\xc8\v2.41\pic\sources\c99\common\labs.c estimated size: 102

C:\Program Files\Microchip\xc8\v2.41\pic\sources\c99\common\strncmp.c
		_strncmp       		CODE           	1774	0000	300

C:\Program Files\Microchip\xc8\v2.41\pic\sources\c99\common\strncmp.c estimated size: 300

C:\Program Files\Microchip\xc8\v2.41\pic\sources\c99\common\sprcmul.c
		___flmul       		CODE           	19810	0000	1066

C:\Program Files\Microchip\xc8\v2.41\pic\sources\c99\common\sprcmul.c estimated size: 1066

C:\Program Files\Microchip\xc8\v2.41\pic\sources\c99\common\printf.c
		_printf        		CODE           	57F0	0000	40

C:\Program Files\Microchip\xc8\v2.41\pic\sources\c99\common\printf.c estimated size: 40

C:\Program Files\Microchip\xc8\v2.41\pic\sources\c99\common\sprcdiv.c
		___fldiv       		CODE           	1A3D8	0000	922

C:\Program Files\Microchip\xc8\v2.41\pic\sources\c99\common\sprcdiv.c estimated size: 922

C:\Program Files\Microchip\xc8\v2.41\pic\sources\c99\common\lwmod.c
		___lwmod       		CODE           	4BEC	0000	100

C:\Program Files\Microchip\xc8\v2.41\pic\sources\c99\common\lwmod.c estimated size: 100

